[ 2025-12-01 17:25:29,629 ] 12 root - INFO - === VisionInfantNet: Data Ingestion Pipeline Started ===
[ 2025-12-01 17:25:29,629 ] 23 root - INFO - Initiating data ingestion...
[ 2025-12-01 17:25:29,629 ] 141 root - INFO - ===== Data Ingestion Started =====
[ 2025-12-01 17:25:29,731 ] 41 root - INFO - Loaded metadata (13478 rows) and saved snapshot to: artifacts/12_01_2025_17_25_29/data_ingestion/full_metadata.csv
[ 2025-12-01 17:25:29,731 ] 55 root - INFO - Starting child-disjoint splitting...
[ 2025-12-01 17:25:29,740 ] 87 root - INFO - train split created with 3600 samples.
[ 2025-12-01 17:25:29,747 ] 87 root - INFO - valid split created with 3580 samples.
[ 2025-12-01 17:25:29,754 ] 87 root - INFO - test split created with 3590 samples.
[ 2025-12-01 17:25:43,636 ] 112 root - INFO - Copied 3600 audio files to: artifacts/12_01_2025_17_25_29/data_ingestion/ingested_audio/train
[ 2025-12-01 17:25:56,777 ] 112 root - INFO - Copied 3580 audio files to: artifacts/12_01_2025_17_25_29/data_ingestion/ingested_audio/valid
[ 2025-12-01 17:26:10,165 ] 112 root - INFO - Copied 3590 audio files to: artifacts/12_01_2025_17_25_29/data_ingestion/ingested_audio/test
[ 2025-12-01 17:26:10,227 ] 131 root - INFO - Saved metadata: artifacts/12_01_2025_17_25_29/data_ingestion/ingested_metadata/train.csv (3600 rows)
[ 2025-12-01 17:26:10,277 ] 131 root - INFO - Saved metadata: artifacts/12_01_2025_17_25_29/data_ingestion/ingested_metadata/valid.csv (3580 rows)
[ 2025-12-01 17:26:10,311 ] 131 root - INFO - Saved metadata: artifacts/12_01_2025_17_25_29/data_ingestion/ingested_metadata/test.csv (3590 rows)
[ 2025-12-01 17:26:10,311 ] 159 root - INFO - ===== Data Ingestion Completed Successfully =====
[ 2025-12-01 17:26:10,313 ] 25 root - INFO - Data ingestion completed successfully.
[ 2025-12-01 17:26:10,313 ] 29 root - INFO - === VisionInfantNet: Data Ingestion Pipeline Finished ===
[ 2025-12-01 17:26:10,313 ] 31 root - INFO - === VisionInfantNet: Data Validation Started ===
[ 2025-12-01 17:26:10,313 ] 39 root - INFO - Initiating data validation...
[ 2025-12-01 17:26:10,314 ] 267 root - INFO - ===== Data Validation Started =====
[ 2025-12-01 17:26:10,347 ] 276 root - INFO - Schema/label validation OK? False
[ 2025-12-01 17:26:10,347 ] 51 root - ERROR - Error occurred in VisionInfantNet pipeline.
Traceback (most recent call last):
  File "/itf-fi-ml/home/arunps/Projects/VisionInfantNet/visioninfantnet/components/data_validation.py", line 88, in _validate_child_disjoint
    raise ValueError("child_id_column is not defined in schema.yaml")
ValueError: child_id_column is not defined in schema.yaml

During handling of the above exception, another exception occurred:

Traceback (most recent call last):
  File "/itf-fi-ml/home/arunps/Projects/VisionInfantNet/visioninfantnet/components/data_validation.py", line 279, in initiate_data_validation
    child_ok, report = self._validate_child_disjoint(metadata_dict, schema, report)
  File "/itf-fi-ml/home/arunps/Projects/VisionInfantNet/visioninfantnet/components/data_validation.py", line 112, in _validate_child_disjoint
    raise VisionInfantNetException(e, sys)
visioninfantnet.exception.exception.VisionInfantNetException: Error occured in python script name [/itf-fi-ml/home/arunps/Projects/VisionInfantNet/visioninfantnet/components/data_validation.py] line number [88] error message [child_id_column is not defined in schema.yaml]

During handling of the above exception, another exception occurred:

Traceback (most recent call last):
  File "/itf-fi-ml/home/arunps/Projects/VisionInfantNet/main.py", line 40, in <module>
    data_validation_artifact = data_validation.initiate_data_validation()
  File "/itf-fi-ml/home/arunps/Projects/VisionInfantNet/visioninfantnet/components/data_validation.py", line 312, in initiate_data_validation
    raise VisionInfantNetException(e, sys)
visioninfantnet.exception.exception.VisionInfantNetException: Error occured in python script name [/itf-fi-ml/home/arunps/Projects/VisionInfantNet/visioninfantnet/components/data_validation.py] line number [279] error message [Error occured in python script name [/itf-fi-ml/home/arunps/Projects/VisionInfantNet/visioninfantnet/components/data_validation.py] line number [88] error message [child_id_column is not defined in schema.yaml]]
