[ 2025-12-01 13:48:02,243 ] 11 root - INFO - === VisionInfantNet: Data Ingestion Pipeline Started ===
[ 2025-12-01 13:48:02,244 ] 22 root - INFO - Initiating data ingestion...
[ 2025-12-01 13:48:02,244 ] 141 root - INFO - ===== Data Ingestion Started =====
[ 2025-12-01 13:48:02,393 ] 41 root - INFO - Loaded metadata (13478 rows) and saved snapshot to: artifacts/12_01_2025_13_48_02/data_ingestion/full_metadata.csv
[ 2025-12-01 13:48:02,393 ] 55 root - INFO - Starting child-disjoint splitting...
[ 2025-12-01 13:48:02,401 ] 78 root - WARNING - No samples for label 'Four' in split 'train'.
[ 2025-12-01 13:48:02,401 ] 78 root - WARNING - No samples for label 'Five' in split 'train'.
[ 2025-12-01 13:48:02,403 ] 78 root - WARNING - No samples for label 'Three' in split 'train'.
[ 2025-12-01 13:48:02,404 ] 78 root - WARNING - No samples for label 'One' in split 'train'.
[ 2025-12-01 13:48:02,405 ] 78 root - WARNING - No samples for label 'Two' in split 'train'.
[ 2025-12-01 13:48:02,405 ] 31 root - ERROR - Error occurred in data ingestion pipeline.
Traceback (most recent call last):
  File "/itf-fi-ml/home/arunps/Projects/VisionInfantNet/visioninfantnet/components/data_ingestion.py", line 86, in create_child_disjoint_split
    df_split[split] = pd.concat(samples).reset_index(drop=True)
  File "/itf-fi-ml/home/arunps/Projects/VisionInfantNet/venv/lib/python3.10/site-packages/pandas/core/reshape/concat.py", line 382, in concat
    op = _Concatenator(
  File "/itf-fi-ml/home/arunps/Projects/VisionInfantNet/venv/lib/python3.10/site-packages/pandas/core/reshape/concat.py", line 445, in __init__
    objs, keys = self._clean_keys_and_objs(objs, keys)
  File "/itf-fi-ml/home/arunps/Projects/VisionInfantNet/venv/lib/python3.10/site-packages/pandas/core/reshape/concat.py", line 507, in _clean_keys_and_objs
    raise ValueError("No objects to concatenate")
ValueError: No objects to concatenate

During handling of the above exception, another exception occurred:

Traceback (most recent call last):
  File "/itf-fi-ml/home/arunps/Projects/VisionInfantNet/visioninfantnet/components/data_ingestion.py", line 147, in initiate_data_ingestion
    splits = self.create_child_disjoint_split(df)
  File "/itf-fi-ml/home/arunps/Projects/VisionInfantNet/visioninfantnet/components/data_ingestion.py", line 92, in create_child_disjoint_split
    raise VisionInfantNetException(e, sys)
visioninfantnet.exception.exception.VisionInfantNetException: Error occured in python script name [/itf-fi-ml/home/arunps/Projects/VisionInfantNet/visioninfantnet/components/data_ingestion.py] line number [86] error message [No objects to concatenate]

During handling of the above exception, another exception occurred:

Traceback (most recent call last):
  File "/itf-fi-ml/home/arunps/Projects/VisionInfantNet/main.py", line 23, in <module>
    data_ingestion_artifact = data_ingestion.initiate_data_ingestion()
  File "/itf-fi-ml/home/arunps/Projects/VisionInfantNet/visioninfantnet/components/data_ingestion.py", line 173, in initiate_data_ingestion
    raise VisionInfantNetException(e, sys)
visioninfantnet.exception.exception.VisionInfantNetException: Error occured in python script name [/itf-fi-ml/home/arunps/Projects/VisionInfantNet/visioninfantnet/components/data_ingestion.py] line number [147] error message [Error occured in python script name [/itf-fi-ml/home/arunps/Projects/VisionInfantNet/visioninfantnet/components/data_ingestion.py] line number [86] error message [No objects to concatenate]]
